
> next-app@0.1.0 build
> next build

npm : ΓÜá Warning: Next.js inferred your 
workspace root, but it may not be correct.
At line:1 char:1
+ npm run build > build_output.log 2>&1
+ ~~~~~~~~~~~~~~~~~~~~~~~~~~~~~~~~~~~~~
    + CategoryInfo          : NotSpecified: (ΓÜá 
    Warning: Ne...not be correct.:String) [], R  
  emoteException
    + FullyQualifiedErrorId : NativeCommandError
 
 We detected multiple lockfiles and selected the 
directory of C:\Users\erasm\package-lock.json as 
the root directory.
 To silence this warning, set `turbopack.root` 
in your Next.js config, or consider removing one 
of the lockfiles if it's not needed.
   See https://nextjs.org/docs/app/api-reference/
config/next-config-js/turbopack#root-directory 
for more information.
 Detected additional lockfiles: 
   * C:\Users\erasm\OneDrive\Documents\tejiendo_r
edes\next-app\package-lock.json

Γû▓ Next.js 16.1.6 (Turbopack)

  Creating an optimized production build ...

> Build error occurred
Error: Turbopack build failed with 3 errors:
./OneDrive/Documents/tejiendo_redes/next-app/src/
components/layout/Breadcrumbs.tsx:2:1
Module not found: Can't resolve 
'react-router-dom'
[0m [90m 1 |[39m [36mimport[39m 
[33mReact[39m [36mfrom[39m 
[32m'react'[39m[33m;[39m
[31m[1m>[22m[39m[90m 2 |[39m 
[36mimport[39m { [33mLink[39m[33m,[39m 
useLocation } [36mfrom[39m 
[32m'react-router-dom'[39m[33m;[39m
 [90m   |[39m [31m[1m^[22m[39m[31m[1m^[2
2m[39m[31m[1m^[22m[39m[31m[1m^[22m[39m[
31m[1m^[22m[39m[31m[1m^[22m[39m[31m[1m^
[22m[39m[31m[1m^[22m[39m[31m[1m^[22m[39m
[31m[1m^[22m[39m[31m[1m^[22m[39m[31m[1m
^[22m[39m[31m[1m^[22m[39m[31m[1m^[22m[3
9m[31m[1m^[22m[39m[31m[1m^[22m[39m[31m[
1m^[22m[39m[31m[1m^[22m[39m[31m[1m^[22m
[39m[31m[1m^[22m[39m[31m[1m^[22m[39m[31m
[1m^[22m[39m[31m[1m^[22m[39m[31m[1m^[22
m[39m[31m[1m^[22m[39m[31m[1m^[22m[39m[3
1m[1m^[22m[39m[31m[1m^[22m[39m[31m[1m^[
22m[39m[31m[1m^[22m[39m[31m[1m^[22m[39m
[31m[1m^[22m[39m[31m[1m^[22m[39m[31m[1m^
[22m[39m[31m[1m^[22m[39m[31m[1m^[22m[39
m[31m[1m^[22m[39m[31m[1m^[22m[39m[31m[1
m^[22m[39m[31m[1m^[22m[39m[31m[1m^[22m[
39m[31m[1m^[22m[39m[31m[1m^[22m[39m[31m
[1m^[22m[39m[31m[1m^[22m[39m[31m[1m^[22m
[39m[31m[1m^[22m[39m[31m[1m^[22m[39m[31
m[1m^[22m[39m[31m[1m^[22m[39m[31m[1m^[2
2m[39m[31m[1m^[22m[39m[31m[1m^[22m[39m
 [90m 3 |[39m [36mimport[39m { 
[33mChevronRight[39m } [36mfrom[39m 
[32m'lucide-react'[39m[33m;[39m
 [90m 4 |[39m
 [90m 5 |[39m [36minterface[39m 
[33mBreadcrumbItem[39m {[0m



Import traces:
  Client Component Browser:
    ./OneDrive/Documents/tejiendo_redes/next-app/
src/components/layout/Breadcrumbs.tsx [Client 
Component Browser]
    ./OneDrive/Documents/tejiendo_redes/next-app/
src/components/layout/MainLayout.tsx [Client 
Component Browser]
    ./OneDrive/Documents/tejiendo_redes/next-app/
src/app/datos-basicos/pacientes/page.tsx [Client 
Component Browser]
    ./OneDrive/Documents/tejiendo_redes/next-app/
src/app/datos-basicos/pacientes/page.tsx [Server 
Component]

  Client Component SSR:
    ./OneDrive/Documents/tejiendo_redes/next-app/
src/components/layout/Breadcrumbs.tsx [Client 
Component SSR]
    ./OneDrive/Documents/tejiendo_redes/next-app/
src/components/layout/MainLayout.tsx [Client 
Component SSR]
    ./OneDrive/Documents/tejiendo_redes/next-app/
src/app/datos-basicos/pacientes/page.tsx [Client 
Component SSR]
    ./OneDrive/Documents/tejiendo_redes/next-app/
src/app/datos-basicos/pacientes/page.tsx [Server 
Component]

https://nextjs.org/docs/messages/module-not-found


./OneDrive/Documents/tejiendo_redes/next-app/src/
components/layout/Sidebar.tsx:2:1
Module not found: Can't resolve 
'react-router-dom'
[0m [90m 1 |[39m [36mimport[39m 
[33mReact[39m [36mfrom[39m 
[32m'react'[39m[33m;[39m
[31m[1m>[22m[39m[90m 2 |[39m 
[36mimport[39m { [33mLink[39m[33m,[39m 
useLocation } [36mfrom[39m 
[32m'react-router-dom'[39m[33m;[39m
 [90m   |[39m [31m[1m^[22m[39m[31m[1m^[2
2m[39m[31m[1m^[22m[39m[31m[1m^[22m[39m[
31m[1m^[22m[39m[31m[1m^[22m[39m[31m[1m^
[22m[39m[31m[1m^[22m[39m[31m[1m^[22m[39m
[31m[1m^[22m[39m[31m[1m^[22m[39m[31m[1m
^[22m[39m[31m[1m^[22m[39m[31m[1m^[22m[3
9m[31m[1m^[22m[39m[31m[1m^[22m[39m[31m[
1m^[22m[39m[31m[1m^[22m[39m[31m[1m^[22m
[39m[31m[1m^[22m[39m[31m[1m^[22m[39m[31m
[1m^[22m[39m[31m[1m^[22m[39m[31m[1m^[22
m[39m[31m[1m^[22m[39m[31m[1m^[22m[39m[3
1m[1m^[22m[39m[31m[1m^[22m[39m[31m[1m^[
22m[39m[31m[1m^[22m[39m[31m[1m^[22m[39m
[31m[1m^[22m[39m[31m[1m^[22m[39m[31m[1m^
[22m[39m[31m[1m^[22m[39m[31m[1m^[22m[39
m[31m[1m^[22m[39m[31m[1m^[22m[39m[31m[1
m^[22m[39m[31m[1m^[22m[39m[31m[1m^[22m[
39m[31m[1m^[22m[39m[31m[1m^[22m[39m[31m
[1m^[22m[39m[31m[1m^[22m[39m[31m[1m^[22m
[39m[31m[1m^[22m[39m[31m[1m^[22m[39m[31
m[1m^[22m[39m[31m[1m^[22m[39m[31m[1m^[2
2m[39m[31m[1m^[22m[39m[31m[1m^[22m[39m
 [90m 3 |[39m [36mimport[39m {
 [90m 4 |[39m   [33mHome[39m[33m,[39m
 [90m 5 |[39m   
[33mDatabase[39m[33m,[39m[0m



Import traces:
  Client Component Browser:
    ./OneDrive/Documents/tejiendo_redes/next-app/
src/components/layout/Sidebar.tsx [Client 
Component Browser]
    ./OneDrive/Documents/tejiendo_redes/next-app/
src/components/layout/MainLayout.tsx [Client 
Component Browser]
    ./OneDrive/Documents/tejiendo_redes/next-app/
src/app/datos-basicos/pacientes/page.tsx [Client 
Component Browser]
    ./OneDrive/Documents/tejiendo_redes/next-app/
src/app/datos-basicos/pacientes/page.tsx [Server 
Component]

  Client Component SSR:
    ./OneDrive/Documents/tejiendo_redes/next-app/
src/components/layout/Sidebar.tsx [Client 
Component SSR]
    ./OneDrive/Documents/tejiendo_redes/next-app/
src/components/layout/MainLayout.tsx [Client 
Component SSR]
    ./OneDrive/Documents/tejiendo_redes/next-app/
src/app/datos-basicos/pacientes/page.tsx [Client 
Component SSR]
    ./OneDrive/Documents/tejiendo_redes/next-app/
src/app/datos-basicos/pacientes/page.tsx [Server 
Component]

https://nextjs.org/docs/messages/module-not-found


./OneDrive/Documents/tejiendo_redes/next-app/src/
components/layout/Topbar.tsx:4:1
Module not found: Can't resolve 
'react-router-dom'
[0m [90m 2 |[39m [36mimport[39m { 
[33mSearch[39m[33m,[39m 
[33mBell[39m[33m,[39m 
[33mUser[39m[33m,[39m [33mLogOut[39m } 
[36mfrom[39m 
[32m'lucide-react'[39m[33m;[39m
 [90m 3 |[39m [36mimport[39m { useAuth } 
[36mfrom[39m 
[32m'@/contexts/AuthContext'[39m[33m;[39m
[31m[1m>[22m[39m[90m 4 |[39m 
[36mimport[39m { useNavigate } [36mfrom[39m 
[32m'react-router-dom'[39m[33m;[39m
 [90m   |[39m [31m[1m^[22m[39m[31m[1m^[2
2m[39m[31m[1m^[22m[39m[31m[1m^[22m[39m[
31m[1m^[22m[39m[31m[1m^[22m[39m[31m[1m^
[22m[39m[31m[1m^[22m[39m[31m[1m^[22m[39m
[31m[1m^[22m[39m[31m[1m^[22m[39m[31m[1m
^[22m[39m[31m[1m^[22m[39m[31m[1m^[22m[3
9m[31m[1m^[22m[39m[31m[1m^[22m[39m[31m[
1m^[22m[39m[31m[1m^[22m[39m[31m[1m^[22m
[39m[31m[1m^[22m[39m[31m[1m^[22m[39m[31m
[1m^[22m[39m[31m[1m^[22m[39m[31m[1m^[22
m[39m[31m[1m^[22m[39m[31m[1m^[22m[39m[3
1m[1m^[22m[39m[31m[1m^[22m[39m[31m[1m^[
22m[39m[31m[1m^[22m[39m[31m[1m^[22m[39m
[31m[1m^[22m[39m[31m[1m^[22m[39m[31m[1m^
[22m[39m[31m[1m^[22m[39m[31m[1m^[22m[39
m[31m[1m^[22m[39m[31m[1m^[22m[39m[31m[1
m^[22m[39m[31m[1m^[22m[39m[31m[1m^[22m[
39m[31m[1m^[22m[39m[31m[1m^[22m[39m[31m
[1m^[22m[39m[31m[1m^[22m[39m[31m[1m^[22m
[39m[31m[1m^[22m[39m
 [90m 5 |[39m [36mimport[39m {
 [90m 6 |[39m   
[33mDropdownMenu[39m[33m,[39m
 [90m 7 |[39m   
[33mDropdownMenuContent[39m[33m,[39m[0m



Import traces:
  Client Component Browser:
    ./OneDrive/Documents/tejiendo_redes/next-app/
src/components/layout/Topbar.tsx [Client 
Component Browser]
    ./OneDrive/Documents/tejiendo_redes/next-app/
src/components/layout/MainLayout.tsx [Client 
Component Browser]
    ./OneDrive/Documents/tejiendo_redes/next-app/
src/app/datos-basicos/pacientes/page.tsx [Client 
Component Browser]
    ./OneDrive/Documents/tejiendo_redes/next-app/
src/app/datos-basicos/pacientes/page.tsx [Server 
Component]

  Client Component SSR:
    ./OneDrive/Documents/tejiendo_redes/next-app/
src/components/layout/Topbar.tsx [Client 
Component SSR]
    ./OneDrive/Documents/tejiendo_redes/next-app/
src/components/layout/MainLayout.tsx [Client 
Component SSR]
    ./OneDrive/Documents/tejiendo_redes/next-app/
src/app/datos-basicos/pacientes/page.tsx [Client 
Component SSR]
    ./OneDrive/Documents/tejiendo_redes/next-app/
src/app/datos-basicos/pacientes/page.tsx [Server 
Component]

https://nextjs.org/docs/messages/module-not-found


    at <unknown> (./OneDrive/Documents/tejiendo_r
edes/next-app/src/components/layout/Breadcrumbs.t
sx:2:1)
    at <unknown> (https://nextjs.org/docs/message
s/module-not-found)
    at <unknown> (./OneDrive/Documents/tejiendo_r
edes/next-app/src/components/layout/Sidebar.tsx:2
:1)
    at <unknown> (https://nextjs.org/docs/message
s/module-not-found)
    at <unknown> (./OneDrive/Documents/tejiendo_r
edes/next-app/src/components/layout/Topbar.tsx:4:
1)
    at <unknown> (https://nextjs.org/docs/message
s/module-not-found)
